PS C:\Users\Omen\Desktop\Proyecto_PreTAWS_G4> python -m pip install transformers==4.12.4 sentencepiece
Collecting transformers==4.12.4
  Downloading transformers-4.12.4-py3-none-any.whl (3.1 MB)
     ━━━━━━━━━━━━━━━━━━━━━━━━━━━━━━━━━━━━━━━━ 3.1/3.1 MB 5.7 MB/s eta 0:00:00
Requirement already satisfied: sentencepiece in c:\users\omen\appdata\local\programs\python\python310\lib\site-packages (0.1.99)
Requirement already satisfied: filelock in c:\users\omen\appdata\local\programs\python\python310\lib\site-packages (from transformers==4.12.4) (3.12.3)
Requirement already satisfied: huggingface-hub<1.0,>=0.1.0 in c:\users\omen\appdata\local\programs\python\python310\lib\site-packages (from transformers==4.12.4) (0.16.4)
Requirement already satisfied: numpy>=1.17 in c:\users\omen\appdata\local\programs\python\python310\lib\site-packages (from transformers==4.12.4) (1.24.0)
Requirement already satisfied: packaging>=20.0 in c:\users\omen\appdata\local\programs\python\python310\lib\site-packages (from transformers==4.12.4) (23.1)
Requirement already satisfied: pyyaml>=5.1 in c:\users\omen\appdata\local\programs\python\python310\lib\site-packages (from transformers==4.12.4) (6.0.1)
Requirement already satisfied: regex!=2019.12.17 in c:\users\omen\appdata\local\programs\python\python310\lib\site-packages (from transformers==4.12.4) (2023.8.8)
Requirement already satisfied: requests in c:\users\omen\appdata\local\programs\python\python310\lib\site-packages (from transformers==4.12.4) (2.31.0)
Collecting sacremoses (from transformers==4.12.4)
  Downloading sacremoses-0.0.53.tar.gz (880 kB)
     ━━━━━━━━━━━━━━━━━━━━━━━━━━━━━━━━━━━━━━━━ 880.6/880.6 kB 27.2 MB/s eta 0:00:00
  Installing build dependencies ... done
  Getting requirements to build wheel ... done
  Preparing metadata (pyproject.toml) ... done
Collecting tokenizers<0.11,>=0.10.1 (from transformers==4.12.4)
  Downloading tokenizers-0.10.3.tar.gz (212 kB)
     ━━━━━━━━━━━━━━━━━━━━━━━━━━━━━━━━━━━━━━━━ 212.7/212.7 kB 12.7 MB/s eta 0:00:00
  Installing build dependencies ... done
  Getting requirements to build wheel ... done
  Preparing metadata (pyproject.toml) ... done
Requirement already satisfied: tqdm>=4.27 in c:\users\omen\appdata\local\programs\python\python310\lib\site-packages (from transformers==4.12.4) (4.66.1)
Requirement already satisfied: fsspec in c:\users\omen\appdata\local\programs\python\python310\lib\site-packages (from huggingface-hub<1.0,>=0.1.0->transformers==4.12.4) (2023.9.0)
Requirement already satisfied: typing-extensions>=3.7.4.3 in c:\users\omen\appdata\local\programs\python\python310\lib\site-packages (from huggingface-hub<1.0,>=0.1.0->transformers==4.12.4) (4.7.1)
Requirement already satisfied: colorama in c:\users\omen\appdata\roaming\python\python310\site-packages (from tqdm>=4.27->transformers==4.12.4) (0.4.4)
Requirement already satisfied: charset-normalizer<4,>=2 in c:\users\omen\appdata\local\programs\python\python310\lib\site-packages (from requests->transformers==4.12.4) (3.2.0)
Requirement already satisfied: idna<4,>=2.5 in c:\users\omen\appdata\local\programs\python\python310\lib\site-packages (from requests->transformers==4.12.4) (3.4)
Requirement already satisfied: urllib3<3,>=1.21.1 in c:\users\omen\appdata\local\programs\python\python310\lib\site-packages (from requests->transformers==4.12.4) (1.26.16)
Requirement already satisfied: certifi>=2017.4.17 in c:\users\omen\appdata\local\programs\python\python310\lib\site-packages (from requests->transformers==4.12.4) (2023.7.22)
Requirement already satisfied: six in c:\users\omen\appdata\roaming\python\python310\site-packages (from sacremoses->transformers==4.12.4) (1.16.0)
Requirement already satisfied: click in c:\users\omen\appdata\local\programs\python\python310\lib\site-packages (from sacremoses->transformers==4.12.4) (8.1.7)
Requirement already satisfied: joblib in c:\users\omen\appdata\local\programs\python\python310\lib\site-packages (from sacremoses->transformers==4.12.4) (1.3.2)
Building wheels for collected packages: tokenizers, sacremoses
  Building wheel for tokenizers (pyproject.toml) ... error
  error: subprocess-exited-with-error

  × Building wheel for tokenizers (pyproject.toml) did not run successfully.
  │ exit code: 1
  ╰─> [51 lines of output]
      running bdist_wheel
      running build
      running build_py
      creating build
      creating build\lib.win-amd64-cpython-310
      creating build\lib.win-amd64-cpython-310\tokenizers
      copying py_src\tokenizers\__init__.py -> build\lib.win-amd64-cpython-310\tokenizers
      creating build\lib.win-amd64-cpython-310\tokenizers\models
      copying py_src\tokenizers\models\__init__.py -> build\lib.win-amd64-cpython-310\tokenizers\models
      creating build\lib.win-amd64-cpython-310\tokenizers\decoders
      copying py_src\tokenizers\decoders\__init__.py -> build\lib.win-amd64-cpython-310\tokenizers\decoders
      creating build\lib.win-amd64-cpython-310\tokenizers\normalizers
      copying py_src\tokenizers\normalizers\__init__.py -> build\lib.win-amd64-cpython-310\tokenizers\normalizers
      creating build\lib.win-amd64-cpython-310\tokenizers\pre_tokenizers
      copying py_src\tokenizers\pre_tokenizers\__init__.py -> build\lib.win-amd64-cpython-310\tokenizers\pre_tokenizers
      creating build\lib.win-amd64-cpython-310\tokenizers\processors
      copying py_src\tokenizers\processors\__init__.py -> build\lib.win-amd64-cpython-310\tokenizers\processors
      creating build\lib.win-amd64-cpython-310\tokenizers\trainers
      copying py_src\tokenizers\trainers\__init__.py -> build\lib.win-amd64-cpython-310\tokenizers\trainers
      creating build\lib.win-amd64-cpython-310\tokenizers\implementations
      copying py_src\tokenizers\implementations\base_tokenizer.py -> build\lib.win-amd64-cpython-310\tokenizers\implementations
      copying py_src\tokenizers\implementations\bert_wordpiece.py -> build\lib.win-amd64-cpython-310\tokenizers\implementations
      copying py_src\tokenizers\implementations\byte_level_bpe.py -> build\lib.win-amd64-cpython-310\tokenizers\implementations
      copying py_src\tokenizers\implementations\char_level_bpe.py -> build\lib.win-amd64-cpython-310\tokenizers\implementations
      copying py_src\tokenizers\implementations\sentencepiece_bpe.py -> build\lib.win-amd64-cpython-310\tokenizers\implementations       
      copying py_src\tokenizers\implementations\sentencepiece_unigram.py -> build\lib.win-amd64-cpython-310\tokenizers\implementations   
      copying py_src\tokenizers\implementations\__init__.py -> build\lib.win-amd64-cpython-310\tokenizers\implementations
      creating build\lib.win-amd64-cpython-310\tokenizers\tools
      copying py_src\tokenizers\tools\visualizer.py -> build\lib.win-amd64-cpython-310\tokenizers\tools
      copying py_src\tokenizers\tools\__init__.py -> build\lib.win-amd64-cpython-310\tokenizers\tools
      copying py_src\tokenizers\__init__.pyi -> build\lib.win-amd64-cpython-310\tokenizers
      copying py_src\tokenizers\models\__init__.pyi -> build\lib.win-amd64-cpython-310\tokenizers\models
      copying py_src\tokenizers\decoders\__init__.pyi -> build\lib.win-amd64-cpython-310\tokenizers\decoders
      copying py_src\tokenizers\normalizers\__init__.pyi -> build\lib.win-amd64-cpython-310\tokenizers\normalizers
      copying py_src\tokenizers\pre_tokenizers\__init__.pyi -> build\lib.win-amd64-cpython-310\tokenizers\pre_tokenizers
      copying py_src\tokenizers\processors\__init__.pyi -> build\lib.win-amd64-cpython-310\tokenizers\processors
      copying py_src\tokenizers\trainers\__init__.pyi -> build\lib.win-amd64-cpython-310\tokenizers\trainers
      copying py_src\tokenizers\tools\visualizer-styles.css -> build\lib.win-amd64-cpython-310\tokenizers\tools
      running build_ext
      running build_rust
      error: can't find Rust compiler

      If you are using an outdated pip version, it is possible a prebuilt wheel is available for this package but pip is not able to install from it. Installing from the wheel would avoid the need for a Rust compiler.

      To update pip, run:

          pip install --upgrade pip

      and then retry package installation.

      If you did intend to build this package from source, try installing a Rust compiler from your system package manager and ensure it is on the PATH during installation. Alternatively, rustup (available at https://rustup.rs) is the recommended way to download and update the Rust compiler toolchain.
      [end of output]

  note: This error originates from a subprocess, and is likely not a problem with pip.
  ERROR: Failed building wheel for tokenizers
  Building wheel for sacremoses (pyproject.toml) ... done
  Created wheel for sacremoses: filename=sacremoses-0.0.53-py3-none-any.whl size=895252 sha256=e76771051e99865ba32567d26a35ea30506050ebdea25c21a75b766bb4032c71
  Stored in directory: c:\users\omen\appdata\local\pip\cache\wheels\00\24\97\a2ea5324f36bc626e1ea0267f33db6aa80d157ee977e9e42fb
Successfully built sacremoses
Failed to build tokenizers
ERROR: Could not build wheels for tokenizers, which is required to install pyproject.toml-based projects
PS C:\Users\Omen\Desktop\Proyecto_PreTAWS_G4> python test.py        
Downloading (…)lve/main/config.json: 100%|█████████████████████████████████████████████████████████████████| 1.33k/1.33k [00:00<?, ?B/s]
Downloading pytorch_model.bin: 100%|█████████████████████████████████████████████████████████████████| 298M/298M [00:08<00:00, 35.8MB/s]
Downloading (…)neration_config.json: 100%|█████████████████████████████████████████████████████████████████████| 293/293 [00:00<?, ?B/s]
Downloading (…)okenizer_config.json: 100%|███████████████████████████████████████████████████████████████████| 42.0/42.0 [00:00<?, ?B/s]
Downloading (…)olve/main/source.spm: 100%|███████████████████████████████████████████████████████████| 768k/768k [00:00<00:00, 7.65MB/s]
Downloading (…)olve/main/target.spm: 100%|███████████████████████████████████████████████████████████| 797k/797k [00:00<00:00, 10.2MB/s]
Downloading (…)olve/main/vocab.json: 100%|█████████████████████████████████████████████████████████| 1.27M/1.27M [00:00<00:00, 3.77MB/s]
C:\Users\Omen\AppData\Local\Programs\Python\Python310\lib\site-packages\transformers\models\marian\tokenization_marian.py:194: UserWarning: Recommended: pip install sacremoses.
  warnings.warn("Recommended: pip install sacremoses.")
Du bist ein Genie.
PS C:\Users\Omen\Desktop\Proyecto_PreTAWS_G4> python test.py
Downloading (…)lve/main/config.json: 100%|█████████████████████████████████████████████████████████| 1.42k/1.42k [00:00<00:00, 1.42MB/s]
Downloading pytorch_model.bin: 100%|█████████████████████████████████████████████████████████████████| 301M/301M [00:08<00:00, 34.7MB/s]
Downloading (…)neration_config.json: 100%|██████████████████████████████████████████████████████████████| 293/293 [00:00<00:00, 293kB/s]
Downloading (…)okenizer_config.json: 100%|███████████████████████████████████████████████████████████| 42.0/42.0 [00:00<00:00, 41.7kB/s]
Downloading (…)olve/main/source.spm: 100%|███████████████████████████████████████████████████████████| 778k/778k [00:00<00:00, 4.82MB/s]
Downloading (…)olve/main/target.spm: 100%|███████████████████████████████████████████████████████████| 802k/802k [00:00<00:00, 5.79MB/s]
Downloading (…)olve/main/vocab.json: 100%|█████████████████████████████████████████████████████████| 1.34M/1.34M [00:00<00:00, 17.4MB/s]
C:\Users\Omen\AppData\Local\Programs\Python\Python310\lib\site-packages\transformers\models\marian\tokenization_marian.py:194: UserWarning: Recommended: pip install sacremoses.
  warnings.warn("Recommended: pip install sacremoses.")
Tu es un génie.
PS C:\Users\Omen\Desktop\Proyecto_PreTAWS_G4> python test.py
C:\Users\Omen\AppData\Local\Programs\Python\Python310\lib\site-packages\transformers\models\marian\tokenization_marian.py:194: UserWarning: Recommended: pip install sacremoses.
  warnings.warn("Recommended: pip install sacremoses.")
Utilisez les informations suivantes pour répondre à la question de l'utilisateur.
Si vous ne connaissez pas la réponse, dites simplement que vous ne savez pas, n'essayez pas d'inventer une réponse.

Contexte :{context}
Question:{question}

Il suffit de retourner la réponse utile ci-dessous et rien de plus.
Réponse utile :
---  18.680262088775635 seconds ---
PS C:\Users\Omen\Desktop\Proyecto_PreTAWS_G4> python test.py
2023-09-23 09:25:48 - Loaded .env file
2023-09-23 09:25:54 - Load pretrained SentenceTransformer: intfloat/multilingual-e5-small
Traceback (most recent call last):
  File "C:\Users\Omen\Desktop\Proyecto_PreTAWS_G4\test.py", line 7, in <module>
    from app import language_codes, custom_prompt_template
ImportError: cannot import name 'language_codes' from 'app' (C:\Users\Omen\Desktop\Proyecto_PreTAWS_G4\app.py)
PS C:\Users\Omen\Desktop\Proyecto_PreTAWS_G4> python test.py
Traceback (most recent call last):
  File "C:\Users\Omen\Desktop\Proyecto_PreTAWS_G4\test.py", line 41, in <module>
    for dst in (language_codes.values()[1:]):
TypeError: 'dict_values' object is not subscriptable
PS C:\Users\Omen\Desktop\Proyecto_PreTAWS_G4> python test.py
dict_values(['en_us', 'es', 'fr', 'de', 'it', 'pt', 'nl', 'hi', 'ja', 'zh', 'fi', 'ko', 'pl', 'ru', 'tr', 'uk', 'vi'])
Traceback (most recent call last):
  File "C:\Users\Omen\Desktop\Proyecto_PreTAWS_G4\test.py", line 42, in <module>
    for dst in (language_codes.values()[1:]):
TypeError: 'dict_values' object is not subscriptable
PS C:\Users\Omen\Desktop\Proyecto_PreTAWS_G4> python test.py
Downloading (…)lve/main/config.json: 100%|█████████████████████████████████████████████████████████| 1.47k/1.47k [00:00<00:00, 1.48MB/s]
Downloading pytorch_model.bin: 100%|█████████████████████████████████████████████████████████████████| 312M/312M [00:06<00:00, 46.0MB/s]
Downloading (…)neration_config.json: 100%|█████████████████████████████████████████████████████████████████████| 293/293 [00:00<?, ?B/s]
Downloading (…)okenizer_config.json: 100%|███████████████████████████████████████████████████████████| 44.0/44.0 [00:00<00:00, 46.3kB/s]
Downloading (…)olve/main/source.spm: 100%|███████████████████████████████████████████████████████████| 802k/802k [00:00<00:00, 4.80MB/s]
Downloading (…)olve/main/target.spm: 100%|███████████████████████████████████████████████████████████| 826k/826k [00:00<00:00, 8.88MB/s]
Downloading (…)olve/main/vocab.json: 100%|█████████████████████████████████████████████████████████| 1.59M/1.59M [00:00<00:00, 17.7MB/s]
C:\Users\Omen\AppData\Local\Programs\Python\Python310\lib\site-packages\transformers\models\marian\tokenization_marian.py:194: UserWarning: Recommended: pip install sacremoses.
  warnings.warn("Recommended: pip install sacremoses.")
Downloading (…)lve/main/config.json: 100%|█████████████████████████████████████████████████████████████████| 1.38k/1.38k [00:00<?, ?B/s]
Downloading pytorch_model.bin: 100%|█████████████████████████████████████████████████████████████████| 343M/343M [00:10<00:00, 33.0MB/s]
Downloading (…)neration_config.json: 100%|██████████████████████████████████████████████████████████████| 293/293 [00:00<00:00, 295kB/s]
Downloading (…)okenizer_config.json: 100%|███████████████████████████████████████████████████████████████████| 42.0/42.0 [00:00<?, ?B/s]
Downloading (…)olve/main/source.spm: 100%|███████████████████████████████████████████████████████████| 789k/789k [00:00<00:00, 5.64MB/s]
Downloading (…)olve/main/target.spm: 100%|███████████████████████████████████████████████████████████| 814k/814k [00:00<00:00, 54.3MB/s]
Downloading (…)olve/main/vocab.json: 100%|█████████████████████████████████████████████████████████| 2.35M/2.35M [00:00<00:00, 29.8MB/s]
Traceback (most recent call last):
  File "C:\Users\Omen\AppData\Local\Programs\Python\Python310\lib\site-packages\huggingface_hub\utils\_errors.py", line 261, in hf_raise_for_status
    response.raise_for_status()
  File "C:\Users\Omen\AppData\Local\Programs\Python\Python310\lib\site-packages\requests\models.py", line 1021, in raise_for_status      
    raise HTTPError(http_error_msg, response=self)
requests.exceptions.HTTPError: 401 Client Error: Unauthorized for url: https://huggingface.co/Helsinki-NLP/opus-mt-en-pt/resolve/main/config.json

The above exception was the direct cause of the following exception:

Traceback (most recent call last):
  File "C:\Users\Omen\AppData\Local\Programs\Python\Python310\lib\site-packages\transformers\utils\hub.py", line 429, in cached_file     
    resolved_file = hf_hub_download(
  File "C:\Users\Omen\AppData\Local\Programs\Python\Python310\lib\site-packages\huggingface_hub\utils\_validators.py", line 118, in _inner_fn
    return fn(*args, **kwargs)
  File "C:\Users\Omen\AppData\Local\Programs\Python\Python310\lib\site-packages\huggingface_hub\file_download.py", line 1195, in hf_hub_download
    metadata = get_hf_file_metadata(
  File "C:\Users\Omen\AppData\Local\Programs\Python\Python310\lib\site-packages\huggingface_hub\utils\_validators.py", line 118, in _inner_fn
    return fn(*args, **kwargs)
  File "C:\Users\Omen\AppData\Local\Programs\Python\Python310\lib\site-packages\huggingface_hub\file_download.py", line 1541, in get_hf_file_metadata
    hf_raise_for_status(r)
  File "C:\Users\Omen\AppData\Local\Programs\Python\Python310\lib\site-packages\huggingface_hub\utils\_errors.py", line 293, in hf_raise_for_status
    raise RepositoryNotFoundError(message, response) from e
huggingface_hub.utils._errors.RepositoryNotFoundError: 401 Client Error. (Request ID: Root=1-650ef696-2f3ce6ad1147151932bb6dca;fa69d59c-8124-4757-8af5-cd0e9d49e426)

Repository Not Found for url: https://huggingface.co/Helsinki-NLP/opus-mt-en-pt/resolve/main/config.json.
Please make sure you specified the correct `repo_id` and `repo_type`.
If you are trying to access a private or gated repo, make sure you are authenticated.
Invalid username or password.

The above exception was the direct cause of the following exception:

Traceback (most recent call last):
  File "C:\Users\Omen\Desktop\Proyecto_PreTAWS_G4\test.py", line 44, in <module>
    translator  = pipeline(task_name, model=model_name, tokenizer=model_name)
  File "C:\Users\Omen\AppData\Local\Programs\Python\Python310\lib\site-packages\transformers\models\auto\configuration_auto.py", line 1023, in from_pretrained
    config_dict, unused_kwargs = PretrainedConfig.get_config_dict(pretrained_model_name_or_path, **kwargs)
  File "C:\Users\Omen\AppData\Local\Programs\Python\Python310\lib\site-packages\transformers\configuration_utils.py", line 620, in get_config_dict        
    config_dict, kwargs = cls._get_config_dict(pretrained_model_name_or_path, **kwargs)
  File "C:\Users\Omen\AppData\Local\Programs\Python\Python310\lib\site-packages\transformers\configuration_utils.py", line 675, in _get_config_dict       
    resolved_config_file = cached_file(
  File "C:\Users\Omen\AppData\Local\Programs\Python\Python310\lib\site-packages\transformers\utils\hub.py", line 450, in cached_file
    raise EnvironmentError(
OSError: Helsinki-NLP/opus-mt-en-pt is not a local folder and is not a valid model identifier listed on 'https://huggingface.co/models'
If this is a private repository, make sure to pass a token having permission to this repo either by logging in with `huggingface-cli login` or by passing `token=<your_token>`